Archive member included to satisfy reference by file (symbol)

/opt/st/stm32cubeclt_1.17.0/GNU-tools-for-STM32/bin/../lib/gcc/arm-none-eabi/12.3.1/../../../../arm-none-eabi/lib/thumb/v7e-m+fp/hard/libstdc++_nano.a(atexit_arm.o)
                              CMakeFiles/JikiEncoderBoard_v1.dir/UserCode/cpp_main.cpp.obj (__aeabi_atexit)
/opt/st/stm32cubeclt_1.17.0/GNU-tools-for-STM32/bin/../lib/gcc/arm-none-eabi/12.3.1/../../../../arm-none-eabi/lib/thumb/v7e-m+fp/hard/libc_nano.a(libc_a-exit.o)
                              /opt/st/stm32cubeclt_1.17.0/GNU-tools-for-STM32/bin/../lib/gcc/arm-none-eabi/12.3.1/../../../../arm-none-eabi/lib/thumb/v7e-m+fp/hard/crt0.o (exit)
/opt/st/stm32cubeclt_1.17.0/GNU-tools-for-STM32/bin/../lib/gcc/arm-none-eabi/12.3.1/../../../../arm-none-eabi/lib/thumb/v7e-m+fp/hard/libc_nano.a(libc_a-cxa_atexit.o)
                              /opt/st/stm32cubeclt_1.17.0/GNU-tools-for-STM32/bin/../lib/gcc/arm-none-eabi/12.3.1/../../../../arm-none-eabi/lib/thumb/v7e-m+fp/hard/libstdc++_nano.a(atexit_arm.o) (__cxa_atexit)
/opt/st/stm32cubeclt_1.17.0/GNU-tools-for-STM32/bin/../lib/gcc/arm-none-eabi/12.3.1/../../../../arm-none-eabi/lib/thumb/v7e-m+fp/hard/libc_nano.a(libc_a-findfp.o)
                              /opt/st/stm32cubeclt_1.17.0/GNU-tools-for-STM32/bin/../lib/gcc/arm-none-eabi/12.3.1/../../../../arm-none-eabi/lib/thumb/v7e-m+fp/hard/libc_nano.a(libc_a-exit.o) (__stdio_exit_handler)
/opt/st/stm32cubeclt_1.17.0/GNU-tools-for-STM32/bin/../lib/gcc/arm-none-eabi/12.3.1/../../../../arm-none-eabi/lib/thumb/v7e-m+fp/hard/libc_nano.a(libc_a-fwalk.o)
                              /opt/st/stm32cubeclt_1.17.0/GNU-tools-for-STM32/bin/../lib/gcc/arm-none-eabi/12.3.1/../../../../arm-none-eabi/lib/thumb/v7e-m+fp/hard/libc_nano.a(libc_a-findfp.o) (_fwalk_sglue)
/opt/st/stm32cubeclt_1.17.0/GNU-tools-for-STM32/bin/../lib/gcc/arm-none-eabi/12.3.1/../../../../arm-none-eabi/lib/thumb/v7e-m+fp/hard/libc_nano.a(libc_a-stdio.o)
                              /opt/st/stm32cubeclt_1.17.0/GNU-tools-for-STM32/bin/../lib/gcc/arm-none-eabi/12.3.1/../../../../arm-none-eabi/lib/thumb/v7e-m+fp/hard/libc_nano.a(libc_a-findfp.o) (__sread)
/opt/st/stm32cubeclt_1.17.0/GNU-tools-for-STM32/bin/../lib/gcc/arm-none-eabi/12.3.1/../../../../arm-none-eabi/lib/thumb/v7e-m+fp/hard/libc_nano.a(libc_a-vsnprintf.o)
                              CMakeFiles/JikiEncoderBoard_v1.dir/UserCode/cpp_main.cpp.obj (vsnprintf)
/opt/st/stm32cubeclt_1.17.0/GNU-tools-for-STM32/bin/../lib/gcc/arm-none-eabi/12.3.1/../../../../arm-none-eabi/lib/thumb/v7e-m+fp/hard/libc_nano.a(libc_a-memset.o)
                              /opt/st/stm32cubeclt_1.17.0/GNU-tools-for-STM32/bin/../lib/gcc/arm-none-eabi/12.3.1/../../../../arm-none-eabi/lib/thumb/v7e-m+fp/hard/crt0.o (memset)
/opt/st/stm32cubeclt_1.17.0/GNU-tools-for-STM32/bin/../lib/gcc/arm-none-eabi/12.3.1/../../../../arm-none-eabi/lib/thumb/v7e-m+fp/hard/libc_nano.a(libc_a-closer.o)
                              /opt/st/stm32cubeclt_1.17.0/GNU-tools-for-STM32/bin/../lib/gcc/arm-none-eabi/12.3.1/../../../../arm-none-eabi/lib/thumb/v7e-m+fp/hard/libc_nano.a(libc_a-stdio.o) (_close_r)
/opt/st/stm32cubeclt_1.17.0/GNU-tools-for-STM32/bin/../lib/gcc/arm-none-eabi/12.3.1/../../../../arm-none-eabi/lib/thumb/v7e-m+fp/hard/libc_nano.a(libc_a-reent.o)
                              /opt/st/stm32cubeclt_1.17.0/GNU-tools-for-STM32/bin/../lib/gcc/arm-none-eabi/12.3.1/../../../../arm-none-eabi/lib/thumb/v7e-m+fp/hard/libc_nano.a(libc_a-closer.o) (errno)
/opt/st/stm32cubeclt_1.17.0/GNU-tools-for-STM32/bin/../lib/gcc/arm-none-eabi/12.3.1/../../../../arm-none-eabi/lib/thumb/v7e-m+fp/hard/libc_nano.a(libc_a-impure.o)
                              /opt/st/stm32cubeclt_1.17.0/GNU-tools-for-STM32/bin/../lib/gcc/arm-none-eabi/12.3.1/../../../../arm-none-eabi/lib/thumb/v7e-m+fp/hard/libc_nano.a(libc_a-vsnprintf.o) (_impure_ptr)
/opt/st/stm32cubeclt_1.17.0/GNU-tools-for-STM32/bin/../lib/gcc/arm-none-eabi/12.3.1/../../../../arm-none-eabi/lib/thumb/v7e-m+fp/hard/libc_nano.a(libc_a-lseekr.o)
                              /opt/st/stm32cubeclt_1.17.0/GNU-tools-for-STM32/bin/../lib/gcc/arm-none-eabi/12.3.1/../../../../arm-none-eabi/lib/thumb/v7e-m+fp/hard/libc_nano.a(libc_a-stdio.o) (_lseek_r)
/opt/st/stm32cubeclt_1.17.0/GNU-tools-for-STM32/bin/../lib/gcc/arm-none-eabi/12.3.1/../../../../arm-none-eabi/lib/thumb/v7e-m+fp/hard/libc_nano.a(libc_a-readr.o)
                              /opt/st/stm32cubeclt_1.17.0/GNU-tools-for-STM32/bin/../lib/gcc/arm-none-eabi/12.3.1/../../../../arm-none-eabi/lib/thumb/v7e-m+fp/hard/libc_nano.a(libc_a-stdio.o) (_read_r)
/opt/st/stm32cubeclt_1.17.0/GNU-tools-for-STM32/bin/../lib/gcc/arm-none-eabi/12.3.1/../../../../arm-none-eabi/lib/thumb/v7e-m+fp/hard/libc_nano.a(libc_a-writer.o)
                              /opt/st/stm32cubeclt_1.17.0/GNU-tools-for-STM32/bin/../lib/gcc/arm-none-eabi/12.3.1/../../../../arm-none-eabi/lib/thumb/v7e-m+fp/hard/libc_nano.a(libc_a-stdio.o) (_write_r)
[...]
Memory Configuration

Name             Origin             Length             Attributes
RAM              0x20000000         0x00003000         xrw
CCMRAM           0x10000000         0x00001000         xrw
FLASH            0x08000000         0x00010000         xr
*default*        0x00000000         0xffffffff

Linker script and memory map

LOAD /opt/st/stm32cubeclt_1.17.0/GNU-tools-for-STM32/bin/../lib/gcc/arm-none-eabi/12.3.1/thumb/v7e-m+fp/hard/crti.o
LOAD /opt/st/stm32cubeclt_1.17.0/GNU-tools-for-STM32/bin/../lib/gcc/arm-none-eabi/12.3.1/thumb/v7e-m+fp/hard/crtbegin.o
LOAD /opt/st/stm32cubeclt_1.17.0/GNU-tools-for-STM32/bin/../lib/gcc/arm-none-eabi/12.3.1/../../../../arm-none-eabi/lib/thumb/v7e-m+fp/hard/crt0.o
START GROUP
END GROUP
START GROUP
LOAD /opt/st/stm32cubeclt_1.17.0/GNU-tools-for-STM32/bin/../lib/gcc/arm-none-eabi/12.3.1/../../../../arm-none-eabi/lib/thumb/v7e-m+fp/hard/libstdc++_nano.a
LOAD /opt/st/stm32cubeclt_1.17.0/GNU-tools-for-STM32/bin/../lib/gcc/arm-none-eabi/12.3.1/../../../../arm-none-eabi/lib/thumb/v7e-m+fp/hard/libsupc++_nano.a
END GROUP
LOAD CMakeFiles/JikiEncoderBoard_v1.dir/UserCode/cpp_main.cpp.obj
LOAD CMakeFiles/JikiEncoderBoard_v1.dir/Core/Src/main.c.obj
LOAD CMakeFiles/JikiEncoderBoard_v1.dir/Core/Src/gpio.c.obj
LOAD CMakeFiles/JikiEncoderBoard_v1.dir/Core/Src/can.c.obj
LOAD CMakeFiles/JikiEncoderBoard_v1.dir/Core/Src/i2c.c.obj
LOAD CMakeFiles/JikiEncoderBoard_v1.dir/Core/Src/tim.c.obj
LOAD CMakeFiles/JikiEncoderBoard_v1.dir/Core/Src/usart.c.obj
LOAD CMakeFiles/JikiEncoderBoard_v1.dir/Core/Src/stm32f3xx_it.c.obj
LOAD CMakeFiles/JikiEncoderBoard_v1.dir/Core/Src/stm32f3xx_hal_msp.c.obj
LOAD CMakeFiles/JikiEncoderBoard_v1.dir/Drivers/STM32F3xx_HAL_Driver/Src/stm32f3xx_hal_can.c.obj
LOAD CMakeFiles/JikiEncoderBoard_v1.dir/Drivers/STM32F3xx_HAL_Driver/Src/stm32f3xx_hal.c.obj
LOAD CMakeFiles/JikiEncoderBoard_v1.dir/Drivers/STM32F3xx_HAL_Driver/Src/stm32f3xx_hal_rcc.c.obj
LOAD CMakeFiles/JikiEncoderBoard_v1.dir/Drivers/STM32F3xx_HAL_Driver/Src/stm32f3xx_hal_rcc_ex.c.obj
LOAD CMakeFiles/JikiEncoderBoard_v1.dir/Drivers/STM32F3xx_HAL_Driver/Src/stm32f3xx_hal_gpio.c.obj
LOAD CMakeFiles/JikiEncoderBoard_v1.dir/Drivers/STM32F3xx_HAL_Driver/Src/stm32f3xx_hal_dma.c.obj
LOAD CMakeFiles/JikiEncoderBoard_v1.dir/Drivers/STM32F3xx_HAL_Driver/Src/stm32f3xx_hal_cortex.c.obj
LOAD CMakeFiles/JikiEncoderBoard_v1.dir/Drivers/STM32F3xx_HAL_Driver/Src/stm32f3xx_hal_pwr.c.obj
LOAD CMakeFiles/JikiEncoderBoard_v1.dir/Drivers/STM32F3xx_HAL_Driver/Src/stm32f3xx_hal_pwr_ex.c.obj
LOAD CMakeFiles/JikiEncoderBoard_v1.dir/Drivers/STM32F3xx_HAL_Driver/Src/stm32f3xx_hal_flash.c.obj
LOAD CMakeFiles/JikiEncoderBoard_v1.dir/Drivers/STM32F3xx_HAL_Driver/Src/stm32f3xx_hal_flash_ex.c.obj
LOAD CMakeFiles/JikiEncoderBoard_v1.dir/Drivers/STM32F3xx_HAL_Driver/Src/stm32f3xx_hal_i2c.c.obj
LOAD CMakeFiles/JikiEncoderBoard_v1.dir/Drivers/STM32F3xx_HAL_Driver/Src/stm32f3xx_hal_i2c_ex.c.obj
LOAD CMakeFiles/JikiEncoderBoard_v1.dir/Drivers/STM32F3xx_HAL_Driver/Src/stm32f3xx_hal_exti.c.obj
LOAD CMakeFiles/JikiEncoderBoard_v1.dir/Drivers/STM32F3xx_HAL_Driver/Src/stm32f3xx_hal_tim.c.obj
LOAD CMakeFiles/JikiEncoderBoard_v1.dir/Drivers/STM32F3xx_HAL_Driver/Src/stm32f3xx_hal_tim_ex.c.obj
LOAD CMakeFiles/JikiEncoderBoard_v1.dir/Drivers/STM32F3xx_HAL_Driver/Src/stm32f3xx_hal_uart.c.obj
LOAD CMakeFiles/JikiEncoderBoard_v1.dir/Drivers/STM32F3xx_HAL_Driver/Src/stm32f3xx_hal_uart_ex.c.obj
LOAD CMakeFiles/JikiEncoderBoard_v1.dir/Core/Src/system_stm32f3xx.c.obj
LOAD CMakeFiles/JikiEncoderBoard_v1.dir/Core/Src/sysmem.c.obj
LOAD CMakeFiles/JikiEncoderBoard_v1.dir/Core/Src/syscalls.c.obj
LOAD CMakeFiles/JikiEncoderBoard_v1.dir/startup_stm32f303x8.s.obj
LOAD /opt/st/stm32cubeclt_1.17.0/GNU-tools-for-STM32/bin/../lib/gcc/arm-none-eabi/12.3.1/../../../../arm-none-eabi/lib/thumb/v7e-m+fp/hard/libstdc++_nano.a
LOAD /opt/st/stm32cubeclt_1.17.0/GNU-tools-for-STM32/bin/../lib/gcc/arm-none-eabi/12.3.1/../../../../arm-none-eabi/lib/thumb/v7e-m+fp/hard/libm.a
LOAD /opt/st/stm32cubeclt_1.17.0/GNU-tools-for-STM32/bin/../lib/gcc/arm-none-eabi/12.3.1/../../../../arm-none-eabi/lib/thumb/v7e-m+fp/hard/libc_nano.a
START GROUP
LOAD /opt/st/stm32cubeclt_1.17.0/GNU-tools-for-STM32/bin/../lib/gcc/arm-none-eabi/12.3.1/thumb/v7e-m+fp/hard/libgcc.a
LOAD /opt/st/stm32cubeclt_1.17.0/GNU-tools-for-STM32/bin/../lib/gcc/arm-none-eabi/12.3.1/../../../../arm-none-eabi/lib/thumb/v7e-m+fp/hard/libg_nano.a
LOAD /opt/st/stm32cubeclt_1.17.0/GNU-tools-for-STM32/bin/../lib/gcc/arm-none-eabi/12.3.1/../../../../arm-none-eabi/lib/thumb/v7e-m+fp/hard/libc_nano.a
END GROUP
START GROUP
LOAD /opt/st/stm32cubeclt_1.17.0/GNU-tools-for-STM32/bin/../lib/gcc/arm-none-eabi/12.3.1/thumb/v7e-m+fp/hard/libgcc.a
LOAD /opt/st/stm32cubeclt_1.17.0/GNU-tools-for-STM32/bin/../lib/gcc/arm-none-eabi/12.3.1/../../../../arm-none-eabi/lib/thumb/v7e-m+fp/hard/libc_nano.a
END GROUP
LOAD /opt/st/stm32cubeclt_1.17.0/GNU-tools-for-STM32/bin/../lib/gcc/arm-none-eabi/12.3.1/thumb/v7e-m+fp/hard/crtend.o
LOAD /opt/st/stm32cubeclt_1.17.0/GNU-tools-for-STM32/bin/../lib/gcc/arm-none-eabi/12.3.1/thumb/v7e-m+fp/hard/crtn.o
                0x20003000                        _estack = (ORIGIN (RAM) + LENGTH (RAM))
                0x00000200                        _Min_Heap_Size = 0x200
                0x00000400                        _Min_Stack_Size = 0x400

.isr_vector     0x08000000      0x188
                0x08000000                        . = ALIGN (0x4)
 *(.isr_vector)
 .isr_vector    0x08000000      0x188 CMakeFiles/JikiEncoderBoard_v1.dir/startup_stm32f303x8.s.obj
                0x08000000                g_pfnVectors
                0x08000188                        . = ALIGN (0x4)

.text           0x08000190     0x3fc4
                0x08000190                        . = ALIGN (0x4)
 *(.text)
 .text          0x08000190       0x40 /opt/st/stm32cubeclt_1.17.0/GNU-tools-for-STM32/bin/../lib/gcc/arm-none-eabi/12.3.1/thumb/v7e-m+fp/hard/crtbegin.o
 .text          0x080001d0       0x10 /opt/st/stm32cubeclt_1.17.0/GNU-tools-for-STM32/bin/../lib/gcc/arm-none-eabi/12.3.1/../../../../arm-none-eabi/lib/thumb/v7e-m+fp/hard/libc_nano.a(libc_a-strlen.o)
                0x080001d0                strlen
 .text          0x080001e0       0xa0 /opt/st/stm32cubeclt_1.17.0/GNU-tools-for-STM32/bin/../lib/gcc/arm-none-eabi/12.3.1/../../../../arm-none-eabi/lib/thumb/v7e-m+fp/hard/libc_nano.a(libc_a-memchr.o)
                0x080001e0                memchr
 *(.text*)
 .text._ZNSt17_Function_handlerIFvvEPS0_E9_M_invokeERKSt9_Any_data
                0x08000280        0x4 CMakeFiles/JikiEncoderBoard_v1.dir/UserCode/cpp_main.cpp.obj
                0x08000280                std::_Function_handler<void (), void (*)()>::_M_invoke(std::_Any_data const&)
 .text._ZN9stmlib_v19HardTimerD2Ev
                0x08000284       0x14 CMakeFiles/JikiEncoderBoard_v1.dir/UserCode/cpp_main.cpp.obj
                0x08000284                stmlib_v1::HardTimer::~HardTimer()
                0x08000284                stmlib_v1::HardTimer::~HardTimer()
 .text._ZN9stmlib_v111can_comm_it10tx_triggerEv.part.0
                0x08000298       0x94 CMakeFiles/JikiEncoderBoard_v1.dir/UserCode/cpp_main.cpp.obj
 .text._ZNSt17_Function_handlerIFvvEPS0_E10_M_managerERSt9_Any_dataRKS3_St18_Manager_operation
                0x0800032c       0x28 CMakeFiles/JikiEncoderBoard_v1.dir/UserCode/cpp_main.cpp.obj
                0x0800032c                std::_Function_handler<void (), void (*)()>::_M_manager(std::_Any_data&, std::_Any_data const&, std::_Manager_operation)
 .text._ZN8UserCode23timer_interruption_1kHzEv
                0x08000354      0x120 CMakeFiles/JikiEncoderBoard_v1.dir/UserCode/cpp_main.cpp.obj
                0x08000354                UserCode::timer_interruption_1kHz()
 .text._ZN9stmlib_v112stlink_debag14transmit_debugEPKcz
                0x08000474       0x38 CMakeFiles/JikiEncoderBoard_v1.dir/UserCode/cpp_main.cpp.obj
                0x08000474                stmlib_v1::stlink_debag::transmit_debug(char const*, ...)
 .text.wrap_cpp_main_while
                0x080004ac        0x4 CMakeFiles/JikiEncoderBoard_v1.dir/UserCode/cpp_main.cpp.obj
                0x080004ac                wrap_cpp_main_while
 .text.HAL_CAN_RxFifo0MsgPendingCallback
                0x080004b0       0xa4 CMakeFiles/JikiEncoderBoard_v1.dir/UserCode/cpp_main.cpp.obj
                0x080004b0                HAL_CAN_RxFifo0MsgPendingCallback
 .text.HAL_CAN_TxMailbox0CompleteCallback
                0x08000554       0x1c CMakeFiles/JikiEncoderBoard_v1.dir/UserCode/cpp_main.cpp.obj
                0x08000554                HAL_CAN_TxMailbox0CompleteCallback
 .text.HAL_CAN_TxMailbox1CompleteCallback
                0x08000570       0x1c CMakeFiles/JikiEncoderBoard_v1.dir/UserCode/cpp_main.cpp.obj
                0x08000570                HAL_CAN_TxMailbox1CompleteCallback
 .text.HAL_CAN_TxMailbox2CompleteCallback
                0x0800058c       0x1c CMakeFiles/JikiEncoderBoard_v1.dir/UserCode/cpp_main.cpp.obj
                0x0800058c                HAL_CAN_TxMailbox2CompleteCallback
 .text.HAL_TIM_PeriodElapsedCallback
                0x080005a8       0x1c CMakeFiles/JikiEncoderBoard_v1.dir/UserCode/cpp_main.cpp.obj
                0x080005a8                HAL_TIM_PeriodElapsedCallback
 .text.HAL_I2C_MemRxCpltCallback
                0x080005c4       0x60 CMakeFiles/JikiEncoderBoard_v1.dir/UserCode/cpp_main.cpp.obj
                0x080005c4                HAL_I2C_MemRxCpltCallback
 .text._ZN8UserCode13cpp_main_initEv
                0x08000624      0x124 CMakeFiles/JikiEncoderBoard_v1.dir/UserCode/cpp_main.cpp.obj
                0x08000624                UserCode::cpp_main_init()
 .text.wrap_cpp_main_init
                0x08000748        0x4 CMakeFiles/JikiEncoderBoard_v1.dir/UserCode/cpp_main.cpp.obj
                0x08000748                wrap_cpp_main_init
 .text.startup._GLOBAL__sub_I__ZN9stmlib_v111can_comm_it5startEv
                0x0800074c       0xd0 CMakeFiles/JikiEncoderBoard_v1.dir/UserCode/cpp_main.cpp.obj
 .text.SystemClock_Config
                0x0800081c       0x88 CMakeFiles/JikiEncoderBoard_v1.dir/Core/Src/main.c.obj
                0x0800081c                SystemClock_Config
 .text.startup.main
                0x080008a4       0x28 CMakeFiles/JikiEncoderBoard_v1.dir/Core/Src/main.c.obj
                0x080008a4                main
 .text.Error_Handler
                0x080008cc        0x4 CMakeFiles/JikiEncoderBoard_v1.dir/Core/Src/main.c.obj
                0x080008cc                Error_Handler
 .text.MX_GPIO_Init
                0x080008d0       0xac CMakeFiles/JikiEncoderBoard_v1.dir/Core/Src/gpio.c.obj
                0x080008d0                MX_GPIO_Init
 .text.MX_CAN_Init
                0x0800097c       0x3c CMakeFiles/JikiEncoderBoard_v1.dir/Core/Src/can.c.obj
                0x0800097c                MX_CAN_Init
 .text.HAL_CAN_MspInit
                0x080009b8       0x78 CMakeFiles/JikiEncoderBoard_v1.dir/Core/Src/can.c.obj
                0x080009b8                HAL_CAN_MspInit
 .text.MX_I2C1_Init
                0x08000a30       0x7c CMakeFiles/JikiEncoderBoard_v1.dir/Core/Src/i2c.c.obj
                0x08000a30                MX_I2C1_Init
 .text.HAL_I2C_MspInit
                0x08000aac       0x8c CMakeFiles/JikiEncoderBoard_v1.dir/Core/Src/i2c.c.obj
                0x08000aac                HAL_I2C_MspInit
 .text.MX_TIM6_Init
                0x08000b38       0x54 CMakeFiles/JikiEncoderBoard_v1.dir/Core/Src/tim.c.obj
                0x08000b38                MX_TIM6_Init
 .text.HAL_TIM_Base_MspInit
                0x08000b8c       0x40 CMakeFiles/JikiEncoderBoard_v1.dir/Core/Src/tim.c.obj
                0x08000b8c                HAL_TIM_Base_MspInit
 .text.MX_USART2_UART_Init
                0x08000bcc       0x3c CMakeFiles/JikiEncoderBoard_v1.dir/Core/Src/usart.c.obj
                0x08000bcc                MX_USART2_UART_Init
 .text.HAL_UART_MspInit
                0x08000c08       0x94 CMakeFiles/JikiEncoderBoard_v1.dir/Core/Src/usart.c.obj
                0x08000c08                HAL_UART_MspInit
 .text.NMI_Handler
                0x08000c9c        0x4 CMakeFiles/JikiEncoderBoard_v1.dir/Core/Src/stm32f3xx_it.c.obj
                0x08000c9c                NMI_Handler
 .text.HardFault_Handler
                0x08000ca0        0x4 CMakeFiles/JikiEncoderBoard_v1.dir/Core/Src/stm32f3xx_it.c.obj
                0x08000ca0                HardFault_Handler
 .text.MemManage_Handler
                0x08000ca4        0x4 CMakeFiles/JikiEncoderBoard_v1.dir/Core/Src/stm32f3xx_it.c.obj
                0x08000ca4                MemManage_Handler
 .text.BusFault_Handler
                0x08000ca8        0x4 CMakeFiles/JikiEncoderBoard_v1.dir/Core/Src/stm32f3xx_it.c.obj
                0x08000ca8                BusFault_Handler
 .text.UsageFault_Handler
                0x08000cac        0x4 CMakeFiles/JikiEncoderBoard_v1.dir/Core/Src/stm32f3xx_it.c.obj
                0x08000cac                UsageFault_Handler
 .text.SVC_Handler
                0x08000cb0        0x4 CMakeFiles/JikiEncoderBoard_v1.dir/Core/Src/stm32f3xx_it.c.obj
                0x08000cb0                SVC_Handler
 .text.DebugMon_Handler
                0x08000cb4        0x4 CMakeFiles/JikiEncoderBoard_v1.dir/Core/Src/stm32f3xx_it.c.obj
                0x08000cb4                DebugMon_Handler
 .text.PendSV_Handler
                0x08000cb8        0x4 CMakeFiles/JikiEncoderBoard_v1.dir/Core/Src/stm32f3xx_it.c.obj
                0x08000cb8                PendSV_Handler
 .text.SysTick_Handler
                0x08000cbc        0x4 CMakeFiles/JikiEncoderBoard_v1.dir/Core/Src/stm32f3xx_it.c.obj
                0x08000cbc                SysTick_Handler
 .text.CAN_RX0_IRQHandler
                0x08000cc0        0xc CMakeFiles/JikiEncoderBoard_v1.dir/Core/Src/stm32f3xx_it.c.obj
                0x08000cc0                CAN_RX0_IRQHandler
 .text.I2C1_EV_IRQHandler
                0x08000ccc        0xc CMakeFiles/JikiEncoderBoard_v1.dir/Core/Src/stm32f3xx_it.c.obj
                0x08000ccc                I2C1_EV_IRQHandler
 .text.I2C1_ER_IRQHandler
                0x08000cd8        0xc CMakeFiles/JikiEncoderBoard_v1.dir/Core/Src/stm32f3xx_it.c.obj
                0x08000cd8                I2C1_ER_IRQHandler
 .text.TIM6_DAC1_IRQHandler
                0x08000ce4        0xc CMakeFiles/JikiEncoderBoard_v1.dir/Core/Src/stm32f3xx_it.c.obj
                0x08000ce4                TIM6_DAC1_IRQHandler
 .text.HAL_MspInit
                0x08000cf0       0x30 CMakeFiles/JikiEncoderBoard_v1.dir/Core/Src/stm32f3xx_hal_msp.c.obj
                0x08000cf0                HAL_MspInit
 .text.HAL_CAN_Init
                0x08000d20      0x100 CMakeFiles/JikiEncoderBoard_v1.dir/Drivers/STM32F3xx_HAL_Driver/Src/stm32f3xx_hal_can.c.obj
                0x08000d20                HAL_CAN_Init
 .text.HAL_CAN_ConfigFilter
                0x08000e20       0xf0 CMakeFiles/JikiEncoderBoard_v1.dir/Drivers/STM32F3xx_HAL_Driver/Src/stm32f3xx_hal_can.c.obj
                0x08000e20                HAL_CAN_ConfigFilter
 .text.HAL_CAN_Start
                0x08000f10       0x5c CMakeFiles/JikiEncoderBoard_v1.dir/Drivers/STM32F3xx_HAL_Driver/Src/stm32f3xx_hal_can.c.obj
                0x08000f10                HAL_CAN_Start
 .text.HAL_CAN_AddTxMessage
                0x08000f6c       0xa4 CMakeFiles/JikiEncoderBoard_v1.dir/Drivers/STM32F3xx_HAL_Driver/Src/stm32f3xx_hal_can.c.obj
                0x08000f6c                HAL_CAN_AddTxMessage
 .text.HAL_CAN_GetRxMessage
                0x08001010      0x108 CMakeFiles/JikiEncoderBoard_v1.dir/Drivers/STM32F3xx_HAL_Driver/Src/stm32f3xx_hal_can.c.obj
                0x08001010                HAL_CAN_GetRxMessage
 .text.HAL_CAN_ActivateNotification
                0x08001118       0x24 CMakeFiles/JikiEncoderBoard_v1.dir/Drivers/STM32F3xx_HAL_Driver/Src/stm32f3xx_hal_can.c.obj
                0x08001118                HAL_CAN_ActivateNotification
 .text.HAL_CAN_TxMailbox0AbortCallback
                0x0800113c        0x4 CMakeFiles/JikiEncoderBoard_v1.dir/Drivers/STM32F3xx_HAL_Driver/Src/stm32f3xx_hal_can.c.obj
                0x0800113c                HAL_CAN_TxMailbox0AbortCallback
 .text.HAL_CAN_TxMailbox1AbortCallback
                0x08001140        0x4 CMakeFiles/JikiEncoderBoard_v1.dir/Drivers/STM32F3xx_HAL_Driver/Src/stm32f3xx_hal_can.c.obj
                0x08001140                HAL_CAN_TxMailbox1AbortCallback
 .text.HAL_CAN_TxMailbox2AbortCallback
                0x08001144        0x4 CMakeFiles/JikiEncoderBoard_v1.dir/Drivers/STM32F3xx_HAL_Driver/Src/stm32f3xx_hal_can.c.obj
                0x08001144                HAL_CAN_TxMailbox2AbortCallback
 .text.HAL_CAN_RxFifo0FullCallback
                0x08001148        0x4 CMakeFiles/JikiEncoderBoard_v1.dir/Drivers/STM32F3xx_HAL_Driver/Src/stm32f3xx_hal_can.c.obj
                0x08001148                HAL_CAN_RxFifo0FullCallback
 .text.HAL_CAN_RxFifo1MsgPendingCallback
                0x0800114c        0x4 CMakeFiles/JikiEncoderBoard_v1.dir/Drivers/STM32F3xx_HAL_Driver/Src/stm32f3xx_hal_can.c.obj
                0x0800114c                HAL_CAN_RxFifo1MsgPendingCallback
 .text.HAL_CAN_RxFifo1FullCallback
                0x08001150        0x4 CMakeFiles/JikiEncoderBoard_v1.dir/Drivers/STM32F3xx_HAL_Driver/Src/stm32f3xx_hal_can.c.obj
                0x08001150                HAL_CAN_RxFifo1FullCallback
 .text.HAL_CAN_SleepCallback
                0x08001154        0x4 CMakeFiles/JikiEncoderBoard_v1.dir/Drivers/STM32F3xx_HAL_Driver/Src/stm32f3xx_hal_can.c.obj
                0x08001154                HAL_CAN_SleepCallback
 .text.HAL_CAN_WakeUpFromRxMsgCallback
                0x08001158        0x4 CMakeFiles/JikiEncoderBoard_v1.dir/Drivers/STM32F3xx_HAL_Driver/Src/stm32f3xx_hal_can.c.obj
                0x08001158                HAL_CAN_WakeUpFromRxMsgCallback
 .text.HAL_CAN_ErrorCallback
                0x0800115c        0x4 CMakeFiles/JikiEncoderBoard_v1.dir/Drivers/STM32F3xx_HAL_Driver/Src/stm32f3xx_hal_can.c.obj
                0x0800115c                HAL_CAN_ErrorCallback
 .text.HAL_CAN_IRQHandler
                0x08001160      0x2bc CMakeFiles/JikiEncoderBoard_v1.dir/Drivers/STM32F3xx_HAL_Driver/Src/stm32f3xx_hal_can.c.obj
                0x08001160                HAL_CAN_IRQHandler
 .text.HAL_InitTick
                0x0800141c       0x48 CMakeFiles/JikiEncoderBoard_v1.dir/Drivers/STM32F3xx_HAL_Driver/Src/stm32f3xx_hal.c.obj
                0x0800141c                HAL_InitTick
 .text.HAL_Init
                0x08001464       0x24 CMakeFiles/JikiEncoderBoard_v1.dir/Drivers/STM32F3xx_HAL_Driver/Src/stm32f3xx_hal.c.obj
                0x08001464                HAL_Init
 .text.HAL_IncTick
                0x08001488       0x18 CMakeFiles/JikiEncoderBoard_v1.dir/Drivers/STM32F3xx_HAL_Driver/Src/stm32f3xx_hal.c.obj
                0x08001488                HAL_IncTick
 .text.HAL_GetTick
                0x080014a0        0xc CMakeFiles/JikiEncoderBoard_v1.dir/Drivers/STM32F3xx_HAL_Driver/Src/stm32f3xx_hal.c.obj
                0x080014a0                HAL_GetTick
 .text.HAL_RCC_OscConfig
                0x080014ac      0x584 CMakeFiles/JikiEncoderBoard_v1.dir/Drivers/STM32F3xx_HAL_Driver/Src/stm32f3xx_hal_rcc.c.obj
                0x080014ac                HAL_RCC_OscConfig
 .text.HAL_RCC_ClockConfig
                0x08001a30      0x1a0 CMakeFiles/JikiEncoderBoard_v1.dir/Drivers/STM32F3xx_HAL_Driver/Src/stm32f3xx_hal_rcc.c.obj
                0x08001a30                HAL_RCC_ClockConfig
 .text.HAL_RCC_GetSysClockFreq
                0x08001bd0       0x50 CMakeFiles/JikiEncoderBoard_v1.dir/Drivers/STM32F3xx_HAL_Driver/Src/stm32f3xx_hal_rcc.c.obj
                0x08001bd0                HAL_RCC_GetSysClockFreq
 .text.HAL_RCC_GetPCLK1Freq
                0x08001c20       0x30 CMakeFiles/JikiEncoderBoard_v1.dir/Drivers/STM32F3xx_HAL_Driver/Src/stm32f3xx_hal_rcc.c.obj
                0x08001c20                HAL_RCC_GetPCLK1Freq
 .text.HAL_RCC_GetPCLK2Freq
                0x08001c50       0x30 CMakeFiles/JikiEncoderBoard_v1.dir/Drivers/STM32F3xx_HAL_Driver/Src/stm32f3xx_hal_rcc.c.obj
                0x08001c50                HAL_RCC_GetPCLK2Freq
 .text.HAL_RCCEx_PeriphCLKConfig
                0x08001c80      0x164 CMakeFiles/JikiEncoderBoard_v1.dir/Drivers/STM32F3xx_HAL_Driver/Src/stm32f3xx_hal_rcc_ex.c.obj
                0x08001c80                HAL_RCCEx_PeriphCLKConfig
 .text.HAL_GPIO_Init
                0x08001de4      0x1d8 CMakeFiles/JikiEncoderBoard_v1.dir/Drivers/STM32F3xx_HAL_Driver/Src/stm32f3xx_hal_gpio.c.obj
                0x08001de4                HAL_GPIO_Init
 .text.HAL_GPIO_ReadPin
                0x08001fbc        0xc CMakeFiles/JikiEncoderBoard_v1.dir/Drivers/STM32F3xx_HAL_Driver/Src/stm32f3xx_hal_gpio.c.obj
                0x08001fbc                HAL_GPIO_ReadPin
 .text.HAL_GPIO_WritePin
                0x08001fc8        0xc CMakeFiles/JikiEncoderBoard_v1.dir/Drivers/STM32F3xx_HAL_Driver/Src/stm32f3xx_hal_gpio.c.obj
                0x08001fc8                HAL_GPIO_WritePin
 .text.HAL_DMA_Abort_IT
                0x08001fd4       0x40 CMakeFiles/JikiEncoderBoard_v1.dir/Drivers/STM32F3xx_HAL_Driver/Src/stm32f3xx_hal_dma.c.obj
                0x08001fd4                HAL_DMA_Abort_IT
 .text.HAL_DMA_GetState
                0x08002014        0x8 CMakeFiles/JikiEncoderBoard_v1.dir/Drivers/STM32F3xx_HAL_Driver/Src/stm32f3xx_hal_dma.c.obj
                0x08002014                HAL_DMA_GetState
 .text.HAL_NVIC_SetPriorityGrouping
                0x0800201c       0x24 CMakeFiles/JikiEncoderBoard_v1.dir/Drivers/STM32F3xx_HAL_Driver/Src/stm32f3xx_hal_cortex.c.obj
                0x0800201c                HAL_NVIC_SetPriorityGrouping
 .text.HAL_NVIC_SetPriority
                0x08002040       0x78 CMakeFiles/JikiEncoderBoard_v1.dir/Drivers/STM32F3xx_HAL_Driver/Src/stm32f3xx_hal_cortex.c.obj
                0x08002040                HAL_NVIC_SetPriority
 .text.HAL_NVIC_EnableIRQ
                0x080020b8       0x1c CMakeFiles/JikiEncoderBoard_v1.dir/Drivers/STM32F3xx_HAL_Driver/Src/stm32f3xx_hal_cortex.c.obj
                0x080020b8                HAL_NVIC_EnableIRQ
 .text.HAL_SYSTICK_Config
                0x080020d4       0x34 CMakeFiles/JikiEncoderBoard_v1.dir/Drivers/STM32F3xx_HAL_Driver/Src/stm32f3xx_hal_cortex.c.obj
                0x080020d4                HAL_SYSTICK_Config
 .text.HAL_I2C_Init
                0x08002108       0xb4 CMakeFiles/JikiEncoderBoard_v1.dir/Drivers/STM32F3xx_HAL_Driver/Src/stm32f3xx_hal_i2c.c.obj
                0x08002108                HAL_I2C_Init
 .text.HAL_I2C_Mem_Read_IT
                0x080021bc       0xbc CMakeFiles/JikiEncoderBoard_v1.dir/Drivers/STM32F3xx_HAL_Driver/Src/stm32f3xx_hal_i2c.c.obj
                0x080021bc                HAL_I2C_Mem_Read_IT
 .text.HAL_I2C_EV_IRQHandler
                0x08002278       0x10 CMakeFiles/JikiEncoderBoard_v1.dir/Drivers/STM32F3xx_HAL_Driver/Src/stm32f3xx_hal_i2c.c.obj
                0x08002278                HAL_I2C_EV_IRQHandler
 .text.HAL_I2C_MasterTxCpltCallback
                0x08002288        0x4 CMakeFiles/JikiEncoderBoard_v1.dir/Drivers/STM32F3xx_HAL_Driver/Src/stm32f3xx_hal_i2c.c.obj
                0x08002288                HAL_I2C_MasterTxCpltCallback
 .text.HAL_I2C_MasterRxCpltCallback
                0x0800228c        0x4 CMakeFiles/JikiEncoderBoard_v1.dir/Drivers/STM32F3xx_HAL_Driver/Src/stm32f3xx_hal_i2c.c.obj
                0x0800228c                HAL_I2C_MasterRxCpltCallback
 .text.HAL_I2C_SlaveTxCpltCallback
                0x08002290        0x4 CMakeFiles/JikiEncoderBoard_v1.dir/Drivers/STM32F3xx_HAL_Driver/Src/stm32f3xx_hal_i2c.c.obj
                0x08002290                HAL_I2C_SlaveTxCpltCallback
 .text.HAL_I2C_SlaveRxCpltCallback
                0x08002294        0x4 CMakeFiles/JikiEncoderBoard_v1.dir/Drivers/STM32F3xx_HAL_Driver/Src/stm32f3xx_hal_i2c.c.obj
                0x08002294                HAL_I2C_SlaveRxCpltCallback
 .text.I2C_ITSlaveSeqCplt
                0x08002298       0xa0 CMakeFiles/JikiEncoderBoard_v1.dir/Drivers/STM32F3xx_HAL_Driver/Src/stm32f3xx_hal_i2c.c.obj
 .text.HAL_I2C_AddrCallback
                0x08002338        0x4 CMakeFiles/JikiEncoderBoard_v1.dir/Drivers/STM32F3xx_HAL_Driver/Src/stm32f3xx_hal_i2c.c.obj
                0x08002338                HAL_I2C_AddrCallback
 .text.I2C_ITAddrCplt.part.0.constprop.0
                0x0800233c       0x64 CMakeFiles/JikiEncoderBoard_v1.dir/Drivers/STM32F3xx_HAL_Driver/Src/stm32f3xx_hal_i2c.c.obj
 .text.HAL_I2C_ListenCpltCallback
                0x080023a0        0x4 CMakeFiles/JikiEncoderBoard_v1.dir/Drivers/STM32F3xx_HAL_Driver/Src/stm32f3xx_hal_i2c.c.obj
                0x080023a0                HAL_I2C_ListenCpltCallback
 .text.HAL_I2C_MemTxCpltCallback
                0x080023a4        0x4 CMakeFiles/JikiEncoderBoard_v1.dir/Drivers/STM32F3xx_HAL_Driver/Src/stm32f3xx_hal_i2c.c.obj
                0x080023a4                HAL_I2C_MemTxCpltCallback
 .text.HAL_I2C_ErrorCallback
                0x080023a8        0x4 CMakeFiles/JikiEncoderBoard_v1.dir/Drivers/STM32F3xx_HAL_Driver/Src/stm32f3xx_hal_i2c.c.obj
                0x080023a8                HAL_I2C_ErrorCallback
 .text.HAL_I2C_AbortCpltCallback
                0x080023ac        0x4 CMakeFiles/JikiEncoderBoard_v1.dir/Drivers/STM32F3xx_HAL_Driver/Src/stm32f3xx_hal_i2c.c.obj
                0x080023ac                HAL_I2C_AbortCpltCallback
 .text.I2C_DMAAbort
                0x080023b0       0x40 CMakeFiles/JikiEncoderBoard_v1.dir/Drivers/STM32F3xx_HAL_Driver/Src/stm32f3xx_hal_i2c.c.obj
 .text.I2C_ITError
                0x080023f0      0x168 CMakeFiles/JikiEncoderBoard_v1.dir/Drivers/STM32F3xx_HAL_Driver/Src/stm32f3xx_hal_i2c.c.obj
 .text.I2C_ITMasterCplt
                0x08002558      0x124 CMakeFiles/JikiEncoderBoard_v1.dir/Drivers/STM32F3xx_HAL_Driver/Src/stm32f3xx_hal_i2c.c.obj
 .text.I2C_Mem_ISR_IT
                0x0800267c      0x210 CMakeFiles/JikiEncoderBoard_v1.dir/Drivers/STM32F3xx_HAL_Driver/Src/stm32f3xx_hal_i2c.c.obj
 .text.HAL_I2C_ER_IRQHandler
                0x0800288c       0x7c CMakeFiles/JikiEncoderBoard_v1.dir/Drivers/STM32F3xx_HAL_Driver/Src/stm32f3xx_hal_i2c.c.obj
                0x0800288c                HAL_I2C_ER_IRQHandler
 .text.I2C_ITSlaveCplt.constprop.0
                0x08002908      0x2a0 CMakeFiles/JikiEncoderBoard_v1.dir/Drivers/STM32F3xx_HAL_Driver/Src/stm32f3xx_hal_i2c.c.obj
 .text.I2C_Slave_ISR_IT
                0x08002ba8      0x1a8 CMakeFiles/JikiEncoderBoard_v1.dir/Drivers/STM32F3xx_HAL_Driver/Src/stm32f3xx_hal_i2c.c.obj
 .text.HAL_I2CEx_ConfigAnalogFilter
                0x08002d50       0x54 CMakeFiles/JikiEncoderBoard_v1.dir/Drivers/STM32F3xx_HAL_Driver/Src/stm32f3xx_hal_i2c_ex.c.obj
                0x08002d50                HAL_I2CEx_ConfigAnalogFilter
 .text.HAL_I2CEx_ConfigDigitalFilter
                0x08002da4       0x58 CMakeFiles/JikiEncoderBoard_v1.dir/Drivers/STM32F3xx_HAL_Driver/Src/stm32f3xx_hal_i2c_ex.c.obj
                0x08002da4                HAL_I2CEx_ConfigDigitalFilter
 .text.HAL_TIM_Base_Init
                0x08002dfc      0x100 CMakeFiles/JikiEncoderBoard_v1.dir/Drivers/STM32F3xx_HAL_Driver/Src/stm32f3xx_hal_tim.c.obj
                0x08002dfc                HAL_TIM_Base_Init
 .text.HAL_TIM_Base_Start_IT
                0x08002efc       0x60 CMakeFiles/JikiEncoderBoard_v1.dir/Drivers/STM32F3xx_HAL_Driver/Src/stm32f3xx_hal_tim.c.obj
                0x08002efc                HAL_TIM_Base_Start_IT
 .text.HAL_TIM_OC_DelayElapsedCallback
                0x08002f5c        0x4 CMakeFiles/JikiEncoderBoard_v1.dir/Drivers/STM32F3xx_HAL_Driver/Src/stm32f3xx_hal_tim.c.obj
                0x08002f5c                HAL_TIM_OC_DelayElapsedCallback
 .text.HAL_TIM_IC_CaptureCallback
                0x08002f60        0x4 CMakeFiles/JikiEncoderBoard_v1.dir/Drivers/STM32F3xx_HAL_Driver/Src/stm32f3xx_hal_tim.c.obj
                0x08002f60                HAL_TIM_IC_CaptureCallback
 .text.HAL_TIM_PWM_PulseFinishedCallback
                0x08002f64        0x4 CMakeFiles/JikiEncoderBoard_v1.dir/Drivers/STM32F3xx_HAL_Driver/Src/stm32f3xx_hal_tim.c.obj
                0x08002f64                HAL_TIM_PWM_PulseFinishedCallback
 .text.HAL_TIM_TriggerCallback
                0x08002f68        0x4 CMakeFiles/JikiEncoderBoard_v1.dir/Drivers/STM32F3xx_HAL_Driver/Src/stm32f3xx_hal_tim.c.obj
                0x08002f68                HAL_TIM_TriggerCallback
 .text.HAL_TIM_IRQHandler
                0x08002f6c      0x158 CMakeFiles/JikiEncoderBoard_v1.dir/Drivers/STM32F3xx_HAL_Driver/Src/stm32f3xx_hal_tim.c.obj
                0x08002f6c                HAL_TIM_IRQHandler
 .text.HAL_TIMEx_MasterConfigSynchronization
                0x080030c4       0x74 CMakeFiles/JikiEncoderBoard_v1.dir/Drivers/STM32F3xx_HAL_Driver/Src/stm32f3xx_hal_tim_ex.c.obj
                0x080030c4                HAL_TIMEx_MasterConfigSynchronization
 .text.HAL_TIMEx_CommutCallback
                0x08003138        0x4 CMakeFiles/JikiEncoderBoard_v1.dir/Drivers/STM32F3xx_HAL_Driver/Src/stm32f3xx_hal_tim_ex.c.obj
                0x08003138                HAL_TIMEx_CommutCallback
 .text.HAL_TIMEx_BreakCallback
                0x0800313c        0x4 CMakeFiles/JikiEncoderBoard_v1.dir/Drivers/STM32F3xx_HAL_Driver/Src/stm32f3xx_hal_tim_ex.c.obj
                0x0800313c                HAL_TIMEx_BreakCallback
 .text.HAL_TIMEx_Break2Callback
                0x08003140        0x4 CMakeFiles/JikiEncoderBoard_v1.dir/Drivers/STM32F3xx_HAL_Driver/Src/stm32f3xx_hal_tim_ex.c.obj
                0x08003140                HAL_TIMEx_Break2Callback
 .text.HAL_UART_Transmit
                0x08003144       0xe0 CMakeFiles/JikiEncoderBoard_v1.dir/Drivers/STM32F3xx_HAL_Driver/Src/stm32f3xx_hal_uart.c.obj
                0x08003144                HAL_UART_Transmit
 .text.UART_AdvFeatureConfig
                0x08003224       0xb0 CMakeFiles/JikiEncoderBoard_v1.dir/Drivers/STM32F3xx_HAL_Driver/Src/stm32f3xx_hal_uart.c.obj
                0x08003224                UART_AdvFeatureConfig
 .text.UART_CheckIdleState
                0x080032d4      0x250 CMakeFiles/JikiEncoderBoard_v1.dir/Drivers/STM32F3xx_HAL_Driver/Src/stm32f3xx_hal_uart.c.obj
                0x080032d4                UART_CheckIdleState
 .text.HAL_UART_Init
                0x08003524      0x1e4 CMakeFiles/JikiEncoderBoard_v1.dir/Drivers/STM32F3xx_HAL_Driver/Src/stm32f3xx_hal_uart.c.obj
                0x08003524                HAL_UART_Init
 .text.SystemInit
                0x08003708       0x14 CMakeFiles/JikiEncoderBoard_v1.dir/Core/Src/system_stm32f3xx.c.obj
                0x08003708                SystemInit
 .text._sbrk    0x0800371c       0x44 CMakeFiles/JikiEncoderBoard_v1.dir/Core/Src/sysmem.c.obj
                0x0800371c                _sbrk
 .text.Reset_Handler
                0x08003760       0x50 CMakeFiles/JikiEncoderBoard_v1.dir/startup_stm32f303x8.s.obj
                0x08003760                Reset_Handler
 .text.Default_Handler
                0x080037b0        0x2 CMakeFiles/JikiEncoderBoard_v1.dir/startup_stm32f303x8.s.obj
                0x080037b0                RTC_Alarm_IRQHandler
                0x080037b0                TIM1_CC_IRQHandler
                0x080037b0                PVD_IRQHandler
                0x080037b0                TAMP_STAMP_IRQHandler
                0x080037b0                EXTI3_IRQHandler
                0x080037b0                EXTI0_IRQHandler
                0x080037b0                FPU_IRQHandler
                0x080037b0                CAN_TX_IRQHandler
                0x080037b0                TIM1_UP_TIM16_IRQHandler
                0x080037b0                ADC1_2_IRQHandler
                0x080037b0                SPI1_IRQHandler
                0x080037b0                CAN_SCE_IRQHandler
                0x080037b0                DMA1_Channel4_IRQHandler
                0x080037b0                USART3_IRQHandler
                0x080037b0                DMA1_Channel7_IRQHandler
                0x080037b0                TIM7_DAC2_IRQHandler
                0x080037b0                CAN_RX1_IRQHandler
                0x080037b0                DMA1_Channel6_IRQHandler
                0x080037b0                TIM3_IRQHandler
                0x080037b0                RCC_IRQHandler
                0x080037b0                DMA1_Channel1_IRQHandler
                0x080037b0                Default_Handler
                0x080037b0                EXTI15_10_IRQHandler
                0x080037b0                COMP2_IRQHandler
                0x080037b0                EXTI9_5_IRQHandler
                0x080037b0                RTC_WKUP_IRQHandler
                0x080037b0                DMA1_Channel5_IRQHandler
                0x080037b0                EXTI4_IRQHandler
                0x080037b0                TIM1_TRG_COM_TIM17_IRQHandler
                0x080037b0                DMA1_Channel3_IRQHandler
                0x080037b0                WWDG_IRQHandler
                0x080037b0                TIM2_IRQHandler
                0x080037b0                EXTI1_IRQHandler
                0x080037b0                COMP4_6_IRQHandler
                0x080037b0                USART2_IRQHandler
                0x080037b0                DMA1_Channel2_IRQHandler
                0x080037b0                FLASH_IRQHandler
                0x080037b0                USART1_IRQHandler
                0x080037b0                EXTI2_TSC_IRQHandler
                0x080037b0                TIM1_BRK_TIM15_IRQHandler
 .text.__aeabi_atexit
                0x080037b2        0xa /opt/st/stm32cubeclt_1.17.0/GNU-tools-for-STM32/bin/../lib/gcc/arm-none-eabi/12.3.1/../../../../arm-none-eabi/lib/thumb/v7e-m+fp/hard/libstdc++_nano.a(atexit_arm.o)
                0x080037b2                __aeabi_atexit
 .text.__cxa_atexit
                0x080037bc       0x1c /opt/st/stm32cubeclt_1.17.0/GNU-tools-for-STM32/bin/../lib/gcc/arm-none-eabi/12.3.1/../../../../arm-none-eabi/lib/thumb/v7e-m+fp/hard/libc_nano.a(libc_a-cxa_atexit.o)
                0x080037bc                __cxa_atexit
 .text._vsnprintf_r
                0x080037d8       0x56 /opt/st/stm32cubeclt_1.17.0/GNU-tools-for-STM32/bin/../lib/gcc/arm-none-eabi/12.3.1/../../../../arm-none-eabi/lib/thumb/v7e-m+fp/hard/libc_nano.a(libc_a-vsnprintf.o)
                0x080037d8                _vsnprintf_r
                0x080037d8                _vsniprintf_r
 *fill*         0x0800382e        0x2 
 .text.vsnprintf
                0x08003830       0x1c /opt/st/stm32cubeclt_1.17.0/GNU-tools-for-STM32/bin/../lib/gcc/arm-none-eabi/12.3.1/../../../../arm-none-eabi/lib/thumb/v7e-m+fp/hard/libc_nano.a(libc_a-vsnprintf.o)
                0x08003830                vsnprintf
                0x08003830                vsniprintf
 .text.__errno  0x0800384c        0xc /opt/st/stm32cubeclt_1.17.0/GNU-tools-for-STM32/bin/../lib/gcc/arm-none-eabi/12.3.1/../../../../arm-none-eabi/lib/thumb/v7e-m+fp/hard/libc_nano.a(libc_a-errno.o)
                0x0800384c                __errno
 .text.__libc_init_array
                0x08003858       0x48 /opt/st/stm32cubeclt_1.17.0/GNU-tools-for-STM32/bin/../lib/gcc/arm-none-eabi/12.3.1/../../../../arm-none-eabi/lib/thumb/v7e-m+fp/hard/libc_nano.a(libc_a-init.o)
                0x08003858                __libc_init_array
 .text.__retarget_lock_acquire_recursive
                0x080038a0        0x2 /opt/st/stm32cubeclt_1.17.0/GNU-tools-for-STM32/bin/../lib/gcc/arm-none-eabi/12.3.1/../../../../arm-none-eabi/lib/thumb/v7e-m+fp/hard/libc_nano.a(libc_a-lock.o)
                0x080038a0                __retarget_lock_acquire_recursive
 .text.__retarget_lock_release_recursive
                0x080038a2        0x2 /opt/st/stm32cubeclt_1.17.0/GNU-tools-for-STM32/bin/../lib/gcc/arm-none-eabi/12.3.1/../../../../arm-none-eabi/lib/thumb/v7e-m+fp/hard/libc_nano.a(libc_a-lock.o)
                0x080038a2                __retarget_lock_release_recursive
 .text._free_r  0x080038a4       0x94 /opt/st/stm32cubeclt_1.17.0/GNU-tools-for-STM32/bin/../lib/gcc/arm-none-eabi/12.3.1/../../../../arm-none-eabi/lib/thumb/v7e-m+fp/hard/libc_nano.a(libc_a-freer.o)
                0x080038a4                _free_r
 .text.sbrk_aligned
                0x08003938       0x44 /opt/st/stm32cubeclt_1.17.0/GNU-tools-for-STM32/bin/../lib/gcc/arm-none-eabi/12.3.1/../../../../arm-none-eabi/lib/thumb/v7e-m+fp/hard/libc_nano.a(libc_a-mallocr.o)
 .text._malloc_r
                0x0800397c      0x100 /opt/st/stm32cubeclt_1.17.0/GNU-tools-for-STM32/bin/../lib/gcc/arm-none-eabi/12.3.1/../../../../arm-none-eabi/lib/thumb/v7e-m+fp/hard/libc_nano.a(libc_a-mallocr.o)
                0x0800397c                _malloc_r
 .text.__malloc_lock
                0x08003a7c        0xc /opt/st/stm32cubeclt_1.17.0/GNU-tools-for-STM32/bin/../lib/gcc/arm-none-eabi/12.3.1/../../../../arm-none-eabi/lib/thumb/v7e-m+fp/hard/libc_nano.a(libc_a-mlock.o)
                0x08003a7c                __malloc_lock
 .text.__malloc_unlock
                0x08003a88        0xc /opt/st/stm32cubeclt_1.17.0/GNU-tools-for-STM32/bin/../lib/gcc/arm-none-eabi/12.3.1/../../../../arm-none-eabi/lib/thumb/v7e-m+fp/hard/libc_nano.a(libc_a-mlock.o)
                0x08003a88                __malloc_unlock
 .text.__ssputs_r
                0x08003a94       0xb6 /opt/st/stm32cubeclt_1.17.0/GNU-tools-for-STM32/bin/../lib/gcc/arm-none-eabi/12.3.1/../../../../arm-none-eabi/lib/thumb/v7e-m+fp/hard/libc_nano.a(libc_a-nano-svfprintf.o)
                0x08003a94                __ssputs_r
 *fill*         0x08003b4a        0x2 
 .text._svfprintf_r
                0x08003b4c      0x1f8 /opt/st/stm32cubeclt_1.17.0/GNU-tools-for-STM32/bin/../lib/gcc/arm-none-eabi/12.3.1/../../../../arm-none-eabi/lib/thumb/v7e-m+fp/hard/libc_nano.a(libc_a-nano-svfprintf.o)
                0x08003b4c                _svfprintf_r
                0x08003b4c                _svfiprintf_r
 .text._printf_common
                0x08003d44       0xda /opt/st/stm32cubeclt_1.17.0/GNU-tools-for-STM32/bin/../lib/gcc/arm-none-eabi/12.3.1/../../../../arm-none-eabi/lib/thumb/v7e-m+fp/hard/libc_nano.a(libc_a-nano-vfprintf_i.o)
                0x08003d44                _printf_common
 *fill*         0x08003e1e        0x2 
 .text._printf_i
                0x08003e20      0x240 /opt/st/stm32cubeclt_1.17.0/GNU-tools-for-STM32/bin/../lib/gcc/arm-none-eabi/12.3.1/../../../../arm-none-eabi/lib/thumb/v7e-m+fp/hard/libc_nano.a(libc_a-nano-vfprintf_i.o)
                0x08003e20                _printf_i
 .text.memmove  0x08004060       0x34 /opt/st/stm32cubeclt_1.17.0/GNU-tools-for-STM32/bin/../lib/gcc/arm-none-eabi/12.3.1/../../../../arm-none-eabi/lib/thumb/v7e-m+fp/hard/libc_nano.a(libc_a-memmove.o)
                0x08004060                memmove
 .text._sbrk_r  0x08004094       0x20 /opt/st/stm32cubeclt_1.17.0/GNU-tools-for-STM32/bin/../lib/gcc/arm-none-eabi/12.3.1/../../../../arm-none-eabi/lib/thumb/v7e-m+fp/hard/libc_nano.a(libc_a-sbrkr.o)
                0x08004094                _sbrk_r
 .text.memcpy   0x080040b4       0x1c /opt/st/stm32cubeclt_1.17.0/GNU-tools-for-STM32/bin/../lib/gcc/arm-none-eabi/12.3.1/../../../../arm-none-eabi/lib/thumb/v7e-m+fp/hard/libc_nano.a(libc_a-memcpy-stub.o)
                0x080040b4                memcpy
 .text._realloc_r
                0x080040d0       0x5c /opt/st/stm32cubeclt_1.17.0/GNU-tools-for-STM32/bin/../lib/gcc/arm-none-eabi/12.3.1/../../../../arm-none-eabi/lib/thumb/v7e-m+fp/hard/libc_nano.a(libc_a-reallocr.o)
                0x080040d0                _realloc_r
 .text._malloc_usable_size_r
                0x0800412c       0x10 /opt/st/stm32cubeclt_1.17.0/GNU-tools-for-STM32/bin/../lib/gcc/arm-none-eabi/12.3.1/../../../../arm-none-eabi/lib/thumb/v7e-m+fp/hard/libc_nano.a(libc_a-msizer.o)
                0x0800412c                _malloc_usable_size_r
 *(.glue_7)
 .glue_7        0x0800413c        0x0 linker stubs
 *(.glue_7t)
 .glue_7t       0x0800413c        0x0 linker stubs
 *(.eh_frame)
 .eh_frame      0x0800413c        0x0 /opt/st/stm32cubeclt_1.17.0/GNU-tools-for-STM32/bin/../lib/gcc/arm-none-eabi/12.3.1/thumb/v7e-m+fp/hard/crtbegin.o
 *(.init)
 .init          0x0800413c        0x4 /opt/st/stm32cubeclt_1.17.0/GNU-tools-for-STM32/bin/../lib/gcc/arm-none-eabi/12.3.1/thumb/v7e-m+fp/hard/crti.o
                0x0800413c                _init
 .init          0x08004140        0x8 /opt/st/stm32cubeclt_1.17.0/GNU-tools-for-STM32/bin/../lib/gcc/arm-none-eabi/12.3.1/thumb/v7e-m+fp/hard/crtn.o
 *(.fini)
 .fini          0x08004148        0x4 /opt/st/stm32cubeclt_1.17.0/GNU-tools-for-STM32/bin/../lib/gcc/arm-none-eabi/12.3.1/thumb/v7e-m+fp/hard/crti.o
                0x08004148                _fini
 .fini          0x0800414c        0x8 /opt/st/stm32cubeclt_1.17.0/GNU-tools-for-STM32/bin/../lib/gcc/arm-none-eabi/12.3.1/thumb/v7e-m+fp/hard/crtn.o
                0x08004154                        . = ALIGN (0x4)
                0x08004154                        _etext = .

.vfp11_veneer   0x08004154        0x0
 .vfp11_veneer  0x08004154        0x0 linker stubs

.v4_bx          0x08004154        0x0
 .v4_bx         0x08004154        0x0 linker stubs

.iplt           0x08004154        0x0
 .iplt          0x08004154        0x0 /opt/st/stm32cubeclt_1.17.0/GNU-tools-for-STM32/bin/../lib/gcc/arm-none-eabi/12.3.1/thumb/v7e-m+fp/hard/crtbegin.o

.rodata         0x08004154       0x84
                0x08004154                        . = ALIGN (0x4)
 *(.rodata)
 *(.rodata*)
 .rodata._ZN8UserCode13cpp_main_initEv.str1.4
                0x08004154       0x11 CMakeFiles/JikiEncoderBoard_v1.dir/UserCode/cpp_main.cpp.obj
 *fill*         0x08004165        0x3 
 .rodata.aPredivFactorTable
                0x08004168       0x10 CMakeFiles/JikiEncoderBoard_v1.dir/Drivers/STM32F3xx_HAL_Driver/Src/stm32f3xx_hal_rcc.c.obj
 .rodata.aPLLMULFactorTable
                0x08004178       0x10 CMakeFiles/JikiEncoderBoard_v1.dir/Drivers/STM32F3xx_HAL_Driver/Src/stm32f3xx_hal_rcc.c.obj
 .rodata.CSWTCH.53
                0x08004188        0x3 CMakeFiles/JikiEncoderBoard_v1.dir/Drivers/STM32F3xx_HAL_Driver/Src/stm32f3xx_hal_uart.c.obj
 *fill*         0x0800418b        0x1 
 .rodata.APBPrescTable
                0x0800418c        0x8 CMakeFiles/JikiEncoderBoard_v1.dir/Core/Src/system_stm32f3xx.c.obj
                0x0800418c                APBPrescTable
 .rodata.AHBPrescTable
                0x08004194       0x10 CMakeFiles/JikiEncoderBoard_v1.dir/Core/Src/system_stm32f3xx.c.obj
                0x08004194                AHBPrescTable
 .rodata._svfprintf_r.str1.1
                0x080041a4       0x11 /opt/st/stm32cubeclt_1.17.0/GNU-tools-for-STM32/bin/../lib/gcc/arm-none-eabi/12.3.1/../../../../arm-none-eabi/lib/thumb/v7e-m+fp/hard/libc_nano.a(libc_a-nano-svfprintf.o)
 .rodata._printf_i.str1.1
                0x080041b5       0x22 /opt/st/stm32cubeclt_1.17.0/GNU-tools-for-STM32/bin/../lib/gcc/arm-none-eabi/12.3.1/../../../../arm-none-eabi/lib/thumb/v7e-m+fp/hard/libc_nano.a(libc_a-nano-vfprintf_i.o)
                0x080041d8                        . = ALIGN (0x4)
 *fill*         0x080041d7        0x1 

.ARM.extab
 *(.ARM.extab* .gnu.linkonce.armextab.*)

.ARM            0x080041d8        0x8
                0x080041d8                        __exidx_start = .
 *(.ARM.exidx*)
 .ARM.exidx     0x080041d8        0x8 /opt/st/stm32cubeclt_1.17.0/GNU-tools-for-STM32/bin/../lib/gcc/arm-none-eabi/12.3.1/../../../../arm-none-eabi/lib/thumb/v7e-m+fp/hard/libc_nano.a(libc_a-strlen.o)
 .ARM.exidx     0x080041e0        0x0 /opt/st/stm32cubeclt_1.17.0/GNU-tools-for-STM32/bin/../lib/gcc/arm-none-eabi/12.3.1/../../../../arm-none-eabi/lib/thumb/v7e-m+fp/hard/libc_nano.a(libc_a-memchr.o)
                                  0x8 (size before relaxing)
                0x080041e0                        __exidx_end = .

.rel.dyn        0x080041e0        0x0
 .rel.iplt      0x080041e0        0x0 /opt/st/stm32cubeclt_1.17.0/GNU-tools-for-STM32/bin/../lib/gcc/arm-none-eabi/12.3.1/thumb/v7e-m+fp/hard/crtbegin.o

.preinit_array  0x080041e0        0x0
                0x080041e0                        PROVIDE (__preinit_array_start = .)
 *(.preinit_array*)
                0x080041e0                        PROVIDE (__preinit_array_end = .)

.init_array     0x080041e0        0x8
                0x080041e0                        PROVIDE (__init_array_start = .)
 *(SORT_BY_NAME(.init_array.*))
 *(.init_array*)
 .init_array    0x080041e0        0x4 /opt/st/stm32cubeclt_1.17.0/GNU-tools-for-STM32/bin/../lib/gcc/arm-none-eabi/12.3.1/thumb/v7e-m+fp/hard/crtbegin.o
 .init_array    0x080041e4        0x4 CMakeFiles/JikiEncoderBoard_v1.dir/UserCode/cpp_main.cpp.obj
                0x080041e8                        PROVIDE (__init_array_end = .)

.fini_array     0x080041e8        0x4
                [!provide]                        PROVIDE (__fini_array_start = .)
 *(SORT_BY_NAME(.fini_array.*))
 *(.fini_array*)
 .fini_array    0x080041e8        0x4 /opt/st/stm32cubeclt_1.17.0/GNU-tools-for-STM32/bin/../lib/gcc/arm-none-eabi/12.3.1/thumb/v7e-m+fp/hard/crtbegin.o
                [!provide]                        PROVIDE (__fini_array_end = .)
                0x080041ec                        _sidata = LOADADDR (.data)

.data           0x20000000       0x60 load address 0x080041ec
                0x20000000                        . = ALIGN (0x4)
                0x20000000                        _sdata = .
 *(.data)
 .data          0x20000000        0x4 /opt/st/stm32cubeclt_1.17.0/GNU-tools-for-STM32/bin/../lib/gcc/arm-none-eabi/12.3.1/thumb/v7e-m+fp/hard/crtbegin.o
                0x20000000                __dso_handle
 *(.data*)
 .data.uwTickFreq
                0x20000004        0x1 CMakeFiles/JikiEncoderBoard_v1.dir/Drivers/STM32F3xx_HAL_Driver/Src/stm32f3xx_hal.c.obj
                0x20000004                uwTickFreq
 *fill*         0x20000005        0x3 
 .data.uwTickPrio
                0x20000008        0x4 CMakeFiles/JikiEncoderBoard_v1.dir/Drivers/STM32F3xx_HAL_Driver/Src/stm32f3xx_hal.c.obj
                0x20000008                uwTickPrio
 .data.SystemCoreClock
                0x2000000c        0x4 CMakeFiles/JikiEncoderBoard_v1.dir/Core/Src/system_stm32f3xx.c.obj
                0x2000000c                SystemCoreClock
 .data._impure_ptr
                0x20000010        0x4 /opt/st/stm32cubeclt_1.17.0/GNU-tools-for-STM32/bin/../lib/gcc/arm-none-eabi/12.3.1/../../../../arm-none-eabi/lib/thumb/v7e-m+fp/hard/libc_nano.a(libc_a-impure.o)
                0x20000010                _impure_ptr
 .data._impure_data
                0x20000014       0x4c /opt/st/stm32cubeclt_1.17.0/GNU-tools-for-STM32/bin/../lib/gcc/arm-none-eabi/12.3.1/../../../../arm-none-eabi/lib/thumb/v7e-m+fp/hard/libc_nano.a(libc_a-impure.o)
                0x20000014                _impure_data
                0x20000060                        . = ALIGN (0x4)
                0x20000060                        _edata = .
                0x0800424c                        _siccmram = LOADADDR (.ccmram)

.igot.plt       0x20000060        0x0 load address 0x0800424c
 .igot.plt      0x20000060        0x0 /opt/st/stm32cubeclt_1.17.0/GNU-tools-for-STM32/bin/../lib/gcc/arm-none-eabi/12.3.1/thumb/v7e-m+fp/hard/crtbegin.o

.ccmram         0x10000000        0x0 load address 0x0800424c
                0x10000000                        . = ALIGN (0x4)
                0x10000000                        _sccmram = .
 *(.ccmram)
 *(.ccmram*)
                0x10000000                        . = ALIGN (0x4)
                0x10000000                        _eccmram = .
                0x10000000                        . = ALIGN (0x4)

.bss            0x20000060      0xd30
                0x20000060                        _sbss = .
                0x20000060                        __bss_start__ = _sbss
 *(.bss)
 .bss           0x20000060       0x1c /opt/st/stm32cubeclt_1.17.0/GNU-tools-for-STM32/bin/../lib/gcc/arm-none-eabi/12.3.1/thumb/v7e-m+fp/hard/crtbegin.o
 *(.bss*)
 .bss._ZN8UserCode8board_idE
                0x2000007c        0x1 CMakeFiles/JikiEncoderBoard_v1.dir/UserCode/cpp_main.cpp.obj
                0x2000007c                UserCode::board_id
 *fill*         0x2000007d        0x3 
 .bss._ZN8UserCode10as5600_i2cE
                0x20000080       0x14 CMakeFiles/JikiEncoderBoard_v1.dir/UserCode/cpp_main.cpp.obj
                0x20000080                UserCode::as5600_i2c
 *fill*         0x20000094        0x4 
 .bss._ZN8UserCode15hard_timer_1kHzE
                0x20000098       0x14 CMakeFiles/JikiEncoderBoard_v1.dir/UserCode/cpp_main.cpp.obj
                0x20000098                UserCode::hard_timer_1kHz
 .bss._ZN8UserCode10master_canE
                0x200000ac      0xa2c CMakeFiles/JikiEncoderBoard_v1.dir/UserCode/cpp_main.cpp.obj
                0x200000ac                UserCode::master_can
 .bss._ZN8UserCode3ledE
                0x20000ad8        0x8 CMakeFiles/JikiEncoderBoard_v1.dir/UserCode/cpp_main.cpp.obj
                0x20000ad8                UserCode::led
 .bss._ZN8UserCode2pcE
                0x20000ae0        0x8 CMakeFiles/JikiEncoderBoard_v1.dir/UserCode/cpp_main.cpp.obj
                0x20000ae0                UserCode::pc
 .bss.hcan      0x20000ae8       0x28 CMakeFiles/JikiEncoderBoard_v1.dir/Core/Src/can.c.obj
                0x20000ae8                hcan
 .bss.hi2c1     0x20000b10       0x54 CMakeFiles/JikiEncoderBoard_v1.dir/Core/Src/i2c.c.obj
                0x20000b10                hi2c1
 *fill*         0x20000b64        0x4 
 .bss.htim6     0x20000b68       0x4c CMakeFiles/JikiEncoderBoard_v1.dir/Core/Src/tim.c.obj
                0x20000b68                htim6
 *fill*         0x20000bb4        0x4 
 .bss.huart2    0x20000bb8       0x88 CMakeFiles/JikiEncoderBoard_v1.dir/Core/Src/usart.c.obj
                0x20000bb8                huart2
 .bss.uwTick    0x20000c40        0x4 CMakeFiles/JikiEncoderBoard_v1.dir/Drivers/STM32F3xx_HAL_Driver/Src/stm32f3xx_hal.c.obj
                0x20000c40                uwTick
 .bss.__sbrk_heap_end
                0x20000c44        0x4 CMakeFiles/JikiEncoderBoard_v1.dir/Core/Src/sysmem.c.obj
 .bss.__sf      0x20000c48      0x138 /opt/st/stm32cubeclt_1.17.0/GNU-tools-for-STM32/bin/../lib/gcc/arm-none-eabi/12.3.1/../../../../arm-none-eabi/lib/thumb/v7e-m+fp/hard/libc_nano.a(libc_a-findfp.o)
                0x20000c48                __sf
 .bss.errno     0x20000d80        0x4 /opt/st/stm32cubeclt_1.17.0/GNU-tools-for-STM32/bin/../lib/gcc/arm-none-eabi/12.3.1/../../../../arm-none-eabi/lib/thumb/v7e-m+fp/hard/libc_nano.a(libc_a-reent.o)
                0x20000d80                errno
 .bss.__lock___malloc_recursive_mutex
                0x20000d84        0x1 /opt/st/stm32cubeclt_1.17.0/GNU-tools-for-STM32/bin/../lib/gcc/arm-none-eabi/12.3.1/../../../../arm-none-eabi/lib/thumb/v7e-m+fp/hard/libc_nano.a(libc_a-lock.o)
                0x20000d84                __lock___malloc_recursive_mutex
 *fill*         0x20000d85        0x3 
 .bss.__malloc_sbrk_start
                0x20000d88        0x4 /opt/st/stm32cubeclt_1.17.0/GNU-tools-for-STM32/bin/../lib/gcc/arm-none-eabi/12.3.1/../../../../arm-none-eabi/lib/thumb/v7e-m+fp/hard/libc_nano.a(libc_a-mallocr.o)
                0x20000d88                __malloc_sbrk_start
 .bss.__malloc_free_list
                0x20000d8c        0x4 /opt/st/stm32cubeclt_1.17.0/GNU-tools-for-STM32/bin/../lib/gcc/arm-none-eabi/12.3.1/../../../../arm-none-eabi/lib/thumb/v7e-m+fp/hard/libc_nano.a(libc_a-mallocr.o)
                0x20000d8c                __malloc_free_list
 *(COMMON)
                0x20000d90                        . = ALIGN (0x4)
                0x20000d90                        _ebss = .
                0x20000d90                        __bss_end__ = _ebss

._user_heap_stack
                0x20000d90      0x600
                0x20000d90                        . = ALIGN (0x8)
                [!provide]                        PROVIDE (end = .)
                0x20000d90                        PROVIDE (_end = .)
                0x20000f90                        . = (. + _Min_Heap_Size)
 *fill*         0x20000d90      0x200 
                0x20001390                        . = (. + _Min_Stack_Size)
 *fill*         0x20000f90      0x400 
                0x20001390                        . = ALIGN (0x8)

/DISCARD/
 libc.a(*)
 libm.a(*)
 libgcc.a(*)
OUTPUT(JikiEncoderBoard_v1.elf elf32-littlearm)
LOAD linker stubs
LOAD /opt/st/stm32cubeclt_1.17.0/GNU-tools-for-STM32/bin/../lib/gcc/arm-none-eabi/12.3.1/../../../../arm-none-eabi/lib/thumb/v7e-m+fp/hard/libc.a
LOAD /opt/st/stm32cubeclt_1.17.0/GNU-tools-for-STM32/bin/../lib/gcc/arm-none-eabi/12.3.1/../../../../arm-none-eabi/lib/thumb/v7e-m+fp/hard/libm.a
LOAD /opt/st/stm32cubeclt_1.17.0/GNU-tools-for-STM32/bin/../lib/gcc/arm-none-eabi/12.3.1/thumb/v7e-m+fp/hard/libgcc.a

.ARM.attributes
                0x00000000       0x30
 .ARM.attributes
                0x00000000       0x22 /opt/st/stm32cubeclt_1.17.0/GNU-tools-for-STM32/bin/../lib/gcc/arm-none-eabi/12.3.1/thumb/v7e-m+fp/hard/crti.o
 .ARM.attributes
                0x00000022       0x34 /opt/st/stm32cubeclt_1.17.0/GNU-tools-for-STM32/bin/../lib/gcc/arm-none-eabi/12.3.1/thumb/v7e-m+fp/hard/crtbegin.o
 .ARM.attributes
                0x00000056       0x34 CMakeFiles/JikiEncoderBoard_v1.dir/UserCode/cpp_main.cpp.obj
 .ARM.attributes
                0x0000008a       0x34 CMakeFiles/JikiEncoderBoard_v1.dir/Core/Src/main.c.obj
 .ARM.attributes
                0x000000be       0x34 CMakeFiles/JikiEncoderBoard_v1.dir/Core/Src/gpio.c.obj
 .ARM.attributes
                0x000000f2       0x34 CMakeFiles/JikiEncoderBoard_v1.dir/Core/Src/can.c.obj
 .ARM.attributes
                0x00000126       0x34 CMakeFiles/JikiEncoderBoard_v1.dir/Core/Src/i2c.c.obj
 .ARM.attributes
                0x0000015a       0x34 CMakeFiles/JikiEncoderBoard_v1.dir/Core/Src/tim.c.obj
 .ARM.attributes
                0x0000018e       0x34 CMakeFiles/JikiEncoderBoard_v1.dir/Core/Src/usart.c.obj
 .ARM.attributes
                0x000001c2       0x34 CMakeFiles/JikiEncoderBoard_v1.dir/Core/Src/stm32f3xx_it.c.obj
 .ARM.attributes
                0x000001f6       0x34 CMakeFiles/JikiEncoderBoard_v1.dir/Core/Src/stm32f3xx_hal_msp.c.obj
 .ARM.attributes
                0x0000022a       0x34 CMakeFiles/JikiEncoderBoard_v1.dir/Drivers/STM32F3xx_HAL_Driver/Src/stm32f3xx_hal_can.c.obj
 .ARM.attributes
                0x0000025e       0x34 CMakeFiles/JikiEncoderBoard_v1.dir/Drivers/STM32F3xx_HAL_Driver/Src/stm32f3xx_hal.c.obj
 .ARM.attributes
                0x00000292       0x34 CMakeFiles/JikiEncoderBoard_v1.dir/Drivers/STM32F3xx_HAL_Driver/Src/stm32f3xx_hal_rcc.c.obj
 .ARM.attributes
                0x000002c6       0x34 CMakeFiles/JikiEncoderBoard_v1.dir/Drivers/STM32F3xx_HAL_Driver/Src/stm32f3xx_hal_rcc_ex.c.obj
 .ARM.attributes
                0x000002fa       0x34 CMakeFiles/JikiEncoderBoard_v1.dir/Drivers/STM32F3xx_HAL_Driver/Src/stm32f3xx_hal_gpio.c.obj
 .ARM.attributes
                0x0000032e       0x34 CMakeFiles/JikiEncoderBoard_v1.dir/Drivers/STM32F3xx_HAL_Driver/Src/stm32f3xx_hal_dma.c.obj
 .ARM.attributes
                0x00000362       0x34 CMakeFiles/JikiEncoderBoard_v1.dir/Drivers/STM32F3xx_HAL_Driver/Src/stm32f3xx_hal_cortex.c.obj
 .ARM.attributes
                0x00000396       0x34 CMakeFiles/JikiEncoderBoard_v1.dir/Drivers/STM32F3xx_HAL_Driver/Src/stm32f3xx_hal_i2c.c.obj
 .ARM.attributes
                0x000003ca       0x34 CMakeFiles/JikiEncoderBoard_v1.dir/Drivers/STM32F3xx_HAL_Driver/Src/stm32f3xx_hal_i2c_ex.c.obj
 .ARM.attributes
                0x000003fe       0x34 CMakeFiles/JikiEncoderBoard_v1.dir/Drivers/STM32F3xx_HAL_Driver/Src/stm32f3xx_hal_tim.c.obj
 .ARM.attributes
                0x00000432       0x34 CMakeFiles/JikiEncoderBoard_v1.dir/Drivers/STM32F3xx_HAL_Driver/Src/stm32f3xx_hal_tim_ex.c.obj
 .ARM.attributes
                0x00000466       0x34 CMakeFiles/JikiEncoderBoard_v1.dir/Drivers/STM32F3xx_HAL_Driver/Src/stm32f3xx_hal_uart.c.obj
 .ARM.attributes
                0x0000049a       0x34 CMakeFiles/JikiEncoderBoard_v1.dir/Core/Src/system_stm32f3xx.c.obj
 .ARM.attributes
                0x000004ce       0x34 CMakeFiles/JikiEncoderBoard_v1.dir/Core/Src/sysmem.c.obj
 .ARM.attributes
                0x00000502       0x21 CMakeFiles/JikiEncoderBoard_v1.dir/startup_stm32f303x8.s.obj
 .ARM.attributes
                0x00000523       0x34 /opt/st/stm32cubeclt_1.17.0/GNU-tools-for-STM32/bin/../lib/gcc/arm-none-eabi/12.3.1/../../../../arm-none-eabi/lib/thumb/v7e-m+fp/hard/libstdc++_nano.a(atexit_arm.o)
 .ARM.attributes
                0x00000557       0x34 /opt/st/stm32cubeclt_1.17.0/GNU-tools-for-STM32/bin/../lib/gcc/arm-none-eabi/12.3.1/../../../../arm-none-eabi/lib/thumb/v7e-m+fp/hard/libc_nano.a(libc_a-cxa_atexit.o)
 .ARM.attributes
                0x0000058b       0x34 /opt/st/stm32cubeclt_1.17.0/GNU-tools-for-STM32/bin/../lib/gcc/arm-none-eabi/12.3.1/../../../../arm-none-eabi/lib/thumb/v7e-m+fp/hard/libc_nano.a(libc_a-findfp.o)
 .ARM.attributes
                0x000005bf       0x34 /opt/st/stm32cubeclt_1.17.0/GNU-tools-for-STM32/bin/../lib/gcc/arm-none-eabi/12.3.1/../../../../arm-none-eabi/lib/thumb/v7e-m+fp/hard/libc_nano.a(libc_a-vsnprintf.o)
 .ARM.attributes
                0x000005f3       0x34 /opt/st/stm32cubeclt_1.17.0/GNU-tools-for-STM32/bin/../lib/gcc/arm-none-eabi/12.3.1/../../../../arm-none-eabi/lib/thumb/v7e-m+fp/hard/libc_nano.a(libc_a-reent.o)
 .ARM.attributes
                0x00000627       0x34 /opt/st/stm32cubeclt_1.17.0/GNU-tools-for-STM32/bin/../lib/gcc/arm-none-eabi/12.3.1/../../../../arm-none-eabi/lib/thumb/v7e-m+fp/hard/libc_nano.a(libc_a-impure.o)
 .ARM.attributes
                0x0000065b       0x34 /opt/st/stm32cubeclt_1.17.0/GNU-tools-for-STM32/bin/../lib/gcc/arm-none-eabi/12.3.1/../../../../arm-none-eabi/lib/thumb/v7e-m+fp/hard/libc_nano.a(libc_a-errno.o)
 .ARM.attributes
                0x0000068f       0x34 /opt/st/stm32cubeclt_1.17.0/GNU-tools-for-STM32/bin/../lib/gcc/arm-none-eabi/12.3.1/../../../../arm-none-eabi/lib/thumb/v7e-m+fp/hard/libc_nano.a(libc_a-init.o)
 .ARM.attributes
                0x000006c3       0x34 /opt/st/stm32cubeclt_1.17.0/GNU-tools-for-STM32/bin/../lib/gcc/arm-none-eabi/12.3.1/../../../../arm-none-eabi/lib/thumb/v7e-m+fp/hard/libc_nano.a(libc_a-lock.o)
 .ARM.attributes
                0x000006f7       0x17 /opt/st/stm32cubeclt_1.17.0/GNU-tools-for-STM32/bin/../lib/gcc/arm-none-eabi/12.3.1/../../../../arm-none-eabi/lib/thumb/v7e-m+fp/hard/libc_nano.a(libc_a-strlen.o)
 .ARM.attributes
                0x0000070e       0x34 /opt/st/stm32cubeclt_1.17.0/GNU-tools-for-STM32/bin/../lib/gcc/arm-none-eabi/12.3.1/../../../../arm-none-eabi/lib/thumb/v7e-m+fp/hard/libc_nano.a(libc_a-freer.o)
 .ARM.attributes
                0x00000742       0x34 /opt/st/stm32cubeclt_1.17.0/GNU-tools-for-STM32/bin/../lib/gcc/arm-none-eabi/12.3.1/../../../../arm-none-eabi/lib/thumb/v7e-m+fp/hard/libc_nano.a(libc_a-mallocr.o)
 .ARM.attributes
                0x00000776       0x34 /opt/st/stm32cubeclt_1.17.0/GNU-tools-for-STM32/bin/../lib/gcc/arm-none-eabi/12.3.1/../../../../arm-none-eabi/lib/thumb/v7e-m+fp/hard/libc_nano.a(libc_a-mlock.o)
 .ARM.attributes
                0x000007aa       0x34 /opt/st/stm32cubeclt_1.17.0/GNU-tools-for-STM32/bin/../lib/gcc/arm-none-eabi/12.3.1/../../../../arm-none-eabi/lib/thumb/v7e-m+fp/hard/libc_nano.a(libc_a-nano-svfprintf.o)
 .ARM.attributes
                0x000007de       0x34 /opt/st/stm32cubeclt_1.17.0/GNU-tools-for-STM32/bin/../lib/gcc/arm-none-eabi/12.3.1/../../../../arm-none-eabi/lib/thumb/v7e-m+fp/hard/libc_nano.a(libc_a-nano-vfprintf_i.o)
 .ARM.attributes
                0x00000812       0x34 /opt/st/stm32cubeclt_1.17.0/GNU-tools-for-STM32/bin/../lib/gcc/arm-none-eabi/12.3.1/../../../../arm-none-eabi/lib/thumb/v7e-m+fp/hard/libc_nano.a(libc_a-memmove.o)
 .ARM.attributes
                0x00000846       0x34 /opt/st/stm32cubeclt_1.17.0/GNU-tools-for-STM32/bin/../lib/gcc/arm-none-eabi/12.3.1/../../../../arm-none-eabi/lib/thumb/v7e-m+fp/hard/libc_nano.a(libc_a-sbrkr.o)
 .ARM.attributes
                0x0000087a       0x1c /opt/st/stm32cubeclt_1.17.0/GNU-tools-for-STM32/bin/../lib/gcc/arm-none-eabi/12.3.1/../../../../arm-none-eabi/lib/thumb/v7e-m+fp/hard/libc_nano.a(libc_a-memchr.o)
 .ARM.attributes
                0x00000896       0x34 /opt/st/stm32cubeclt_1.17.0/GNU-tools-for-STM32/bin/../lib/gcc/arm-none-eabi/12.3.1/../../../../arm-none-eabi/lib/thumb/v7e-m+fp/hard/libc_nano.a(libc_a-memcpy-stub.o)
 .ARM.attributes
                0x000008ca       0x34 /opt/st/stm32cubeclt_1.17.0/GNU-tools-for-STM32/bin/../lib/gcc/arm-none-eabi/12.3.1/../../../../arm-none-eabi/lib/thumb/v7e-m+fp/hard/libc_nano.a(libc_a-reallocr.o)
 .ARM.attributes
                0x000008fe       0x34 /opt/st/stm32cubeclt_1.17.0/GNU-tools-for-STM32/bin/../lib/gcc/arm-none-eabi/12.3.1/../../../../arm-none-eabi/lib/thumb/v7e-m+fp/hard/libc_nano.a(libc_a-msizer.o)
 .ARM.attributes
                0x00000932       0x22 /opt/st/stm32cubeclt_1.17.0/GNU-tools-for-STM32/bin/../lib/gcc/arm-none-eabi/12.3.1/thumb/v7e-m+fp/hard/crtn.o

.comment        0x00000000       0x43
 .comment       0x00000000       0x43 CMakeFiles/JikiEncoderBoard_v1.dir/UserCode/cpp_main.cpp.obj
                                 0x44 (size before relaxing)
 .comment       0x00000043       0x44 CMakeFiles/JikiEncoderBoard_v1.dir/Core/Src/main.c.obj
 .comment       0x00000043       0x44 CMakeFiles/JikiEncoderBoard_v1.dir/Core/Src/gpio.c.obj
 .comment       0x00000043       0x44 CMakeFiles/JikiEncoderBoard_v1.dir/Core/Src/can.c.obj
 .comment       0x00000043       0x44 CMakeFiles/JikiEncoderBoard_v1.dir/Core/Src/i2c.c.obj
 .comment       0x00000043       0x44 CMakeFiles/JikiEncoderBoard_v1.dir/Core/Src/tim.c.obj
 .comment       0x00000043       0x44 CMakeFiles/JikiEncoderBoard_v1.dir/Core/Src/usart.c.obj
 .comment       0x00000043       0x44 CMakeFiles/JikiEncoderBoard_v1.dir/Core/Src/stm32f3xx_it.c.obj
 .comment       0x00000043       0x44 CMakeFiles/JikiEncoderBoard_v1.dir/Core/Src/stm32f3xx_hal_msp.c.obj
 .comment       0x00000043       0x44 CMakeFiles/JikiEncoderBoard_v1.dir/Drivers/STM32F3xx_HAL_Driver/Src/stm32f3xx_hal_can.c.obj
 .comment       0x00000043       0x44 CMakeFiles/JikiEncoderBoard_v1.dir/Drivers/STM32F3xx_HAL_Driver/Src/stm32f3xx_hal.c.obj
 .comment       0x00000043       0x44 CMakeFiles/JikiEncoderBoard_v1.dir/Drivers/STM32F3xx_HAL_Driver/Src/stm32f3xx_hal_rcc.c.obj
 .comment       0x00000043       0x44 CMakeFiles/JikiEncoderBoard_v1.dir/Drivers/STM32F3xx_HAL_Driver/Src/stm32f3xx_hal_rcc_ex.c.obj
 .comment       0x00000043       0x44 CMakeFiles/JikiEncoderBoard_v1.dir/Drivers/STM32F3xx_HAL_Driver/Src/stm32f3xx_hal_gpio.c.obj
 .comment       0x00000043       0x44 CMakeFiles/JikiEncoderBoard_v1.dir/Drivers/STM32F3xx_HAL_Driver/Src/stm32f3xx_hal_dma.c.obj
 .comment       0x00000043       0x44 CMakeFiles/JikiEncoderBoard_v1.dir/Drivers/STM32F3xx_HAL_Driver/Src/stm32f3xx_hal_cortex.c.obj
 .comment       0x00000043       0x44 CMakeFiles/JikiEncoderBoard_v1.dir/Drivers/STM32F3xx_HAL_Driver/Src/stm32f3xx_hal_i2c.c.obj
 .comment       0x00000043       0x44 CMakeFiles/JikiEncoderBoard_v1.dir/Drivers/STM32F3xx_HAL_Driver/Src/stm32f3xx_hal_i2c_ex.c.obj
 .comment       0x00000043       0x44 CMakeFiles/JikiEncoderBoard_v1.dir/Drivers/STM32F3xx_HAL_Driver/Src/stm32f3xx_hal_tim.c.obj
 .comment       0x00000043       0x44 CMakeFiles/JikiEncoderBoard_v1.dir/Drivers/STM32F3xx_HAL_Driver/Src/stm32f3xx_hal_tim_ex.c.obj
 .comment       0x00000043       0x44 CMakeFiles/JikiEncoderBoard_v1.dir/Drivers/STM32F3xx_HAL_Driver/Src/stm32f3xx_hal_uart.c.obj
 .comment       0x00000043       0x44 CMakeFiles/JikiEncoderBoard_v1.dir/Core/Src/system_stm32f3xx.c.obj
 .comment       0x00000043       0x44 CMakeFiles/JikiEncoderBoard_v1.dir/Core/Src/sysmem.c.obj

.debug_frame    0x00000000      0x58c
 .debug_frame   0x00000000       0x20 /opt/st/stm32cubeclt_1.17.0/GNU-tools-for-STM32/bin/../lib/gcc/arm-none-eabi/12.3.1/../../../../arm-none-eabi/lib/thumb/v7e-m+fp/hard/libstdc++_nano.a(atexit_arm.o)
 .debug_frame   0x00000020       0x28 /opt/st/stm32cubeclt_1.17.0/GNU-tools-for-STM32/bin/../lib/gcc/arm-none-eabi/12.3.1/../../../../arm-none-eabi/lib/thumb/v7e-m+fp/hard/libc_nano.a(libc_a-cxa_atexit.o)
 .debug_frame   0x00000048      0x144 /opt/st/stm32cubeclt_1.17.0/GNU-tools-for-STM32/bin/../lib/gcc/arm-none-eabi/12.3.1/../../../../arm-none-eabi/lib/thumb/v7e-m+fp/hard/libc_nano.a(libc_a-findfp.o)
 .debug_frame   0x0000018c       0x4c /opt/st/stm32cubeclt_1.17.0/GNU-tools-for-STM32/bin/../lib/gcc/arm-none-eabi/12.3.1/../../../../arm-none-eabi/lib/thumb/v7e-m+fp/hard/libc_nano.a(libc_a-vsnprintf.o)
 .debug_frame   0x000001d8       0x38 /opt/st/stm32cubeclt_1.17.0/GNU-tools-for-STM32/bin/../lib/gcc/arm-none-eabi/12.3.1/../../../../arm-none-eabi/lib/thumb/v7e-m+fp/hard/libc_nano.a(libc_a-reent.o)
 .debug_frame   0x00000210       0x20 /opt/st/stm32cubeclt_1.17.0/GNU-tools-for-STM32/bin/../lib/gcc/arm-none-eabi/12.3.1/../../../../arm-none-eabi/lib/thumb/v7e-m+fp/hard/libc_nano.a(libc_a-errno.o)
 .debug_frame   0x00000230       0x2c /opt/st/stm32cubeclt_1.17.0/GNU-tools-for-STM32/bin/../lib/gcc/arm-none-eabi/12.3.1/../../../../arm-none-eabi/lib/thumb/v7e-m+fp/hard/libc_nano.a(libc_a-init.o)
 .debug_frame   0x0000025c       0xb0 /opt/st/stm32cubeclt_1.17.0/GNU-tools-for-STM32/bin/../lib/gcc/arm-none-eabi/12.3.1/../../../../arm-none-eabi/lib/thumb/v7e-m+fp/hard/libc_nano.a(libc_a-lock.o)
 .debug_frame   0x0000030c       0x38 /opt/st/stm32cubeclt_1.17.0/GNU-tools-for-STM32/bin/../lib/gcc/arm-none-eabi/12.3.1/../../../../arm-none-eabi/lib/thumb/v7e-m+fp/hard/libc_nano.a(libc_a-freer.o)
 .debug_frame   0x00000344       0x50 /opt/st/stm32cubeclt_1.17.0/GNU-tools-for-STM32/bin/../lib/gcc/arm-none-eabi/12.3.1/../../../../arm-none-eabi/lib/thumb/v7e-m+fp/hard/libc_nano.a(libc_a-mallocr.o)
 .debug_frame   0x00000394       0x30 /opt/st/stm32cubeclt_1.17.0/GNU-tools-for-STM32/bin/../lib/gcc/arm-none-eabi/12.3.1/../../../../arm-none-eabi/lib/thumb/v7e-m+fp/hard/libc_nano.a(libc_a-mlock.o)
 .debug_frame   0x000003c4       0x90 /opt/st/stm32cubeclt_1.17.0/GNU-tools-for-STM32/bin/../lib/gcc/arm-none-eabi/12.3.1/../../../../arm-none-eabi/lib/thumb/v7e-m+fp/hard/libc_nano.a(libc_a-nano-svfprintf.o)
 .debug_frame   0x00000454       0x60 /opt/st/stm32cubeclt_1.17.0/GNU-tools-for-STM32/bin/../lib/gcc/arm-none-eabi/12.3.1/../../../../arm-none-eabi/lib/thumb/v7e-m+fp/hard/libc_nano.a(libc_a-nano-vfprintf_i.o)
 .debug_frame   0x000004b4       0x28 /opt/st/stm32cubeclt_1.17.0/GNU-tools-for-STM32/bin/../lib/gcc/arm-none-eabi/12.3.1/../../../../arm-none-eabi/lib/thumb/v7e-m+fp/hard/libc_nano.a(libc_a-memmove.o)
 .debug_frame   0x000004dc       0x2c /opt/st/stm32cubeclt_1.17.0/GNU-tools-for-STM32/bin/../lib/gcc/arm-none-eabi/12.3.1/../../../../arm-none-eabi/lib/thumb/v7e-m+fp/hard/libc_nano.a(libc_a-sbrkr.o)
 .debug_frame   0x00000508       0x28 /opt/st/stm32cubeclt_1.17.0/GNU-tools-for-STM32/bin/../lib/gcc/arm-none-eabi/12.3.1/../../../../arm-none-eabi/lib/thumb/v7e-m+fp/hard/libc_nano.a(libc_a-memcpy-stub.o)
 .debug_frame   0x00000530       0x3c /opt/st/stm32cubeclt_1.17.0/GNU-tools-for-STM32/bin/../lib/gcc/arm-none-eabi/12.3.1/../../../../arm-none-eabi/lib/thumb/v7e-m+fp/hard/libc_nano.a(libc_a-reallocr.o)
 .debug_frame   0x0000056c       0x20 /opt/st/stm32cubeclt_1.17.0/GNU-tools-for-STM32/bin/../lib/gcc/arm-none-eabi/12.3.1/../../../../arm-none-eabi/lib/thumb/v7e-m+fp/hard/libc_nano.a(libc_a-msizer.o)
